/home/user/um25/work/cine/scripts/render-cine.py:143: DeprecationWarning: 'Material.use_nodes' is expected to be removed in Blender 6.0
  self.mat.use_nodes = True
CINE_MEM model 0.00 GB
CINE_MEM bounds 0.00 GB
/home/user/um25/work/cine/scripts/render-cine.py:840: DeprecationWarning: 'World.use_nodes' is expected to be removed in Blender 6.0
  world.use_nodes = True
CINE_MEM context 0.00 GB
CINE_SETUP planta CPU comp 3.0 s
EGL Error (0x3009): EGL_BAD_MATCH: Arguments are inconsistent (for example, a valid context requires buffers not supplied by a valid surface).
EGL Error (0x3009): EGL_BAD_MATCH: Arguments are inconsistent (for example, a valid context requires buffers not supplied by a valid surface).
EGL Error (0x3009): EGL_BAD_MATCH: Arguments are inconsistent (for example, a valid context requires buffers not supplied by a valid surface).
03:35.006  render           | Saved: '/home/user/um25/work/cine/out/planta-telecom/v3/cine/f_0001.jpg'
06:55.978  render           | Saved: '/home/user/um25/work/cine/out/planta-telecom/v3/cine/f_0002.jpg'
10:21.387  render           | Saved: '/home/user/um25/work/cine/out/planta-telecom/v3/cine/f_0003.jpg'
13:48.453  render           | Saved: '/home/user/um25/work/cine/out/planta-telecom/v3/cine/f_0004.jpg'
CINE_DONE {"scene": "planta", "device": "CPU", "frames": 192, "seconds": 828.1, "out": "/home/user/um25/work/cine/out/planta-telecom/v3"}
	Command being timed: "work/cine/.venv-bpy/bin/python work/cine/scripts/render-cine.py -- bodega --variant telecom --pass cine --frames 192 --limit 4 --width 2560 --samples 40"
	User time (seconds): 3175.94
	System time (seconds): 29.36
	Percent of CPU this job got: 386%
	Elapsed (wall clock) time (h:mm:ss or m:ss): 13:49.04
	Average shared text size (kbytes): 0
	Average unshared data size (kbytes): 0
	Average stack size (kbytes): 0
	Average total size (kbytes): 0
	Maximum resident set size (kbytes): 4259248
	Average resident set size (kbytes): 0
	Major (requiring I/O) page faults: 1179
	Minor (reclaiming a frame) page faults: 2241252
	Voluntary context switches: 4035
	Involuntary context switches: 109896
	Swaps: 0
	File system inputs: 309672
	File system outputs: 3448
	Socket messages sent: 0
	Socket messages received: 0
	Signals delivered: 0
	Page size (bytes): 4096
	Exit status: 0
