/home/user/um25/work/cine/scripts/render-cine.py:143: DeprecationWarning: 'Material.use_nodes' is expected to be removed in Blender 6.0
  self.mat.use_nodes = True
CINE_MEM model 0.00 GB
CINE_MEM bounds 0.00 GB
/home/user/um25/work/cine/scripts/render-cine.py:840: DeprecationWarning: 'World.use_nodes' is expected to be removed in Blender 6.0
  world.use_nodes = True
CINE_MEM context 0.00 GB
CINE_SETUP hospital CPU comp 3.5 s
EGL Error (0x3009): EGL_BAD_MATCH: Arguments are inconsistent (for example, a valid context requires buffers not supplied by a valid surface).
EGL Error (0x3009): EGL_BAD_MATCH: Arguments are inconsistent (for example, a valid context requires buffers not supplied by a valid surface).
EGL Error (0x3009): EGL_BAD_MATCH: Arguments are inconsistent (for example, a valid context requires buffers not supplied by a valid surface).
02:32.224  render           | Saved: '/home/user/um25/work/cine/out/hospital-software/v3/cine/f_0001.jpg'
04:48.809  render           | Saved: '/home/user/um25/work/cine/out/hospital-software/v3/cine/f_0002.jpg'
07:05.332  render           | Saved: '/home/user/um25/work/cine/out/hospital-software/v3/cine/f_0003.jpg'
09:22.098  render           | Saved: '/home/user/um25/work/cine/out/hospital-software/v3/cine/f_0004.jpg'
CINE_DONE {"scene": "hospital", "device": "CPU", "frames": 192, "seconds": 561.6, "out": "/home/user/um25/work/cine/out/hospital-software/v3"}
	Command being timed: "work/cine/.venv-bpy/bin/python work/cine/scripts/render-cine.py -- bodega --variant software --pass cine --frames 192 --limit 4 --width 2560 --samples 40"
	User time (seconds): 2129.92
	System time (seconds): 29.30
	Percent of CPU this job got: 383%
	Elapsed (wall clock) time (h:mm:ss or m:ss): 9:22.73
	Average shared text size (kbytes): 0
	Average unshared data size (kbytes): 0
	Average stack size (kbytes): 0
	Average total size (kbytes): 0
	Maximum resident set size (kbytes): 4379388
	Average resident set size (kbytes): 0
	Major (requiring I/O) page faults: 38
	Minor (reclaiming a frame) page faults: 2277085
	Voluntary context switches: 2763
	Involuntary context switches: 84175
	Swaps: 0
	File system inputs: 25896
	File system outputs: 2728
	Socket messages sent: 0
	Socket messages received: 0
	Signals delivered: 0
	Page size (bytes): 4096
	Exit status: 0
