/home/user/um25/work/cine/scripts/render-cine.py:143: DeprecationWarning: 'Material.use_nodes' is expected to be removed in Blender 6.0
  self.mat.use_nodes = True
CINE_MEM model 0.00 GB
CINE_MEM bounds 0.00 GB
/home/user/um25/work/cine/scripts/render-cine.py:840: DeprecationWarning: 'World.use_nodes' is expected to be removed in Blender 6.0
  world.use_nodes = True
CINE_MEM context 0.00 GB
CINE_SETUP bodega CPU comp 3.3 s
EGL Error (0x3009): EGL_BAD_MATCH: Arguments are inconsistent (for example, a valid context requires buffers not supplied by a valid surface).
EGL Error (0x3009): EGL_BAD_MATCH: Arguments are inconsistent (for example, a valid context requires buffers not supplied by a valid surface).
EGL Error (0x3009): EGL_BAD_MATCH: Arguments are inconsistent (for example, a valid context requires buffers not supplied by a valid surface).
03:27.297  render           | Saved: '/home/user/um25/work/cine/out/bodega-incendios/v3/cine/f_0001.jpg'
06:40.574  render           | Saved: '/home/user/um25/work/cine/out/bodega-incendios/v3/cine/f_0002.jpg'
09:50.717  render           | Saved: '/home/user/um25/work/cine/out/bodega-incendios/v3/cine/f_0003.jpg'
12:58.170  render           | Saved: '/home/user/um25/work/cine/out/bodega-incendios/v3/cine/f_0004.jpg'
CINE_DONE {"scene": "bodega", "device": "CPU", "frames": 192, "seconds": 777.4, "out": "/home/user/um25/work/cine/out/bodega-incendios/v3"}
	Command being timed: "work/cine/.venv-bpy/bin/python work/cine/scripts/render-cine.py -- bodega --variant incendios --pass cine --frames 192 --limit 4 --width 2560 --samples 40"
	User time (seconds): 2945.97
	System time (seconds): 30.67
	Percent of CPU this job got: 382%
	Elapsed (wall clock) time (h:mm:ss or m:ss): 12:58.88
	Average shared text size (kbytes): 0
	Average unshared data size (kbytes): 0
	Average stack size (kbytes): 0
	Average total size (kbytes): 0
	Maximum resident set size (kbytes): 4430996
	Average resident set size (kbytes): 0
	Major (requiring I/O) page faults: 824
	Minor (reclaiming a frame) page faults: 2252289
	Voluntary context switches: 3529
	Involuntary context switches: 140716
	Swaps: 0
	File system inputs: 135560
	File system outputs: 6000
	Socket messages sent: 0
	Socket messages received: 0
	Signals delivered: 0
	Page size (bytes): 4096
	Exit status: 0
