/home/user/um25/work/cine/scripts/render-cine.py:143: DeprecationWarning: 'Material.use_nodes' is expected to be removed in Blender 6.0
  self.mat.use_nodes = True
CINE_MEM model 0.00 GB
CINE_MEM bounds 0.00 GB
CINE_MEM context 0.00 GB
CINE_SETUP planta WORKBENCH nocomp 0.5 s
EGL Error (0x3009): EGL_BAD_MATCH: Arguments are inconsistent (for example, a valid context requires buffers not supplied by a valid surface).
EGL Error (0x3009): EGL_BAD_MATCH: Arguments are inconsistent (for example, a valid context requires buffers not supplied by a valid surface).
EGL Error (0x3009): EGL_BAD_MATCH: Arguments are inconsistent (for example, a valid context requires buffers not supplied by a valid surface).
00:04.715  render           | Saved: '/home/user/um25/work/cine/out/planta-telecom/v3/skel/f_0001.jpg'
00:08.512  render           | Saved: '/home/user/um25/work/cine/out/planta-telecom/v3/skel/f_0002.jpg'
00:11.930  render           | Saved: '/home/user/um25/work/cine/out/planta-telecom/v3/skel/f_0003.jpg'
00:15.205  render           | Saved: '/home/user/um25/work/cine/out/planta-telecom/v3/skel/f_0004.jpg'
CINE_DONE {"scene": "planta", "device": "WORKBENCH", "frames": 192, "seconds": 14.8, "out": "/home/user/um25/work/cine/out/planta-telecom/v3"}
	Command being timed: "work/cine/.venv-bpy/bin/python work/cine/scripts/render-cine.py -- bodega --variant telecom --pass skeleton --frames 192 --limit 4 --width 2560 --samples 40"
	User time (seconds): 38.27
	System time (seconds): 2.22
	Percent of CPU this job got: 257%
	Elapsed (wall clock) time (h:mm:ss or m:ss): 0:15.71
	Average shared text size (kbytes): 0
	Average unshared data size (kbytes): 0
	Average stack size (kbytes): 0
	Average total size (kbytes): 0
	Maximum resident set size (kbytes): 1401584
	Average resident set size (kbytes): 0
	Major (requiring I/O) page faults: 244
	Minor (reclaiming a frame) page faults: 486095
	Voluntary context switches: 6814
	Involuntary context switches: 2289
	Swaps: 0
	File system inputs: 22256
	File system outputs: 9008
	Socket messages sent: 0
	Socket messages received: 0
	Signals delivered: 0
	Page size (bytes): 4096
	Exit status: 0
